CRITICAL - 2026-02-13 12:16:06 --> Error: Class "Locale" not found
[Method: GET, Route: login.php]
in SYSTEMPATH/CodeIgniter.php on line 189.
 1 SYSTEMPATH/Boot.php(350): CodeIgniter\CodeIgniter->initialize()
 2 SYSTEMPATH/Boot.php(67): CodeIgniter\Boot::initializeCodeIgniter()
 3 FCPATH/index.php(59): CodeIgniter\Boot::bootWeb(Object(Config\Paths))
CRITICAL - 2026-02-13 12:16:09 --> Error: Class "Locale" not found
[Method: GET, Route: login.php]
in SYSTEMPATH/CodeIgniter.php on line 189.
 1 SYSTEMPATH/Boot.php(350): CodeIgniter\CodeIgniter->initialize()
 2 SYSTEMPATH/Boot.php(67): CodeIgniter\Boot::initializeCodeIgniter()
 3 FCPATH/index.php(59): CodeIgniter\Boot::bootWeb(Object(Config\Paths))
CRITICAL - 2026-02-13 12:18:50 --> Error: Class "Locale" not found
[Method: GET, Route: login.php]
in SYSTEMPATH/CodeIgniter.php on line 189.
 1 SYSTEMPATH/Boot.php(350): CodeIgniter\CodeIgniter->initialize()
 2 SYSTEMPATH/Boot.php(67): CodeIgniter\Boot::initializeCodeIgniter()
 3 FCPATH/index.php(59): CodeIgniter\Boot::bootWeb(Object(Config\Paths))
CRITICAL - 2026-02-13 12:18:52 --> Error: Class "Locale" not found
[Method: GET, Route: login.php]
in SYSTEMPATH/CodeIgniter.php on line 189.
 1 SYSTEMPATH/Boot.php(350): CodeIgniter\CodeIgniter->initialize()
 2 SYSTEMPATH/Boot.php(67): CodeIgniter\Boot::initializeCodeIgniter()
 3 FCPATH/index.php(59): CodeIgniter\Boot::bootWeb(Object(Config\Paths))
CRITICAL - 2026-02-13 12:19:25 --> Error: Class "Locale" not found
[Method: GET, Route: publi]
in SYSTEMPATH/CodeIgniter.php on line 189.
 1 SYSTEMPATH/Boot.php(350): CodeIgniter\CodeIgniter->initialize()
 2 SYSTEMPATH/Boot.php(67): CodeIgniter\Boot::initializeCodeIgniter()
 3 FCPATH/index.php(59): CodeIgniter\Boot::bootWeb(Object(Config\Paths))
CRITICAL - 2026-02-13 12:19:27 --> Error: Class "Locale" not found
[Method: GET, Route: /]
in SYSTEMPATH/CodeIgniter.php on line 189.
 1 SYSTEMPATH/Boot.php(350): CodeIgniter\CodeIgniter->initialize()
 2 SYSTEMPATH/Boot.php(67): CodeIgniter\Boot::initializeCodeIgniter()
 3 FCPATH/index.php(59): CodeIgniter\Boot::bootWeb(Object(Config\Paths))
CRITICAL - 2026-02-13 12:19:30 --> Error: Class "Locale" not found
[Method: GET, Route: /]
in SYSTEMPATH/CodeIgniter.php on line 189.
 1 SYSTEMPATH/Boot.php(350): CodeIgniter\CodeIgniter->initialize()
 2 SYSTEMPATH/Boot.php(67): CodeIgniter\Boot::initializeCodeIgniter()
 3 FCPATH/index.php(59): CodeIgniter\Boot::bootWeb(Object(Config\Paths))
CRITICAL - 2026-02-13 12:20:44 --> Error: Class "Locale" not found
[Method: GET, Route: /]
in SYSTEMPATH/CodeIgniter.php on line 189.
 1 SYSTEMPATH/Boot.php(350): CodeIgniter\CodeIgniter->initialize()
 2 SYSTEMPATH/Boot.php(67): CodeIgniter\Boot::initializeCodeIgniter()
 3 FCPATH/index.php(59): CodeIgniter\Boot::bootWeb(Object(Config\Paths))
CRITICAL - 2026-02-13 12:20:57 --> Error: Class "Locale" not found
[Method: GET, Route: /]
in SYSTEMPATH/CodeIgniter.php on line 189.
 1 SYSTEMPATH/Boot.php(350): CodeIgniter\CodeIgniter->initialize()
 2 SYSTEMPATH/Boot.php(67): CodeIgniter\Boot::initializeCodeIgniter()
 3 FCPATH/index.php(59): CodeIgniter\Boot::bootWeb(Object(Config\Paths))
CRITICAL - 2026-02-13 12:22:26 --> Error: Class "Locale" not found
[Method: GET, Route: /]
in SYSTEMPATH/CodeIgniter.php on line 189.
 1 SYSTEMPATH/Boot.php(350): CodeIgniter\CodeIgniter->initialize()
 2 SYSTEMPATH/Boot.php(67): CodeIgniter\Boot::initializeCodeIgniter()
 3 FCPATH/index.php(59): CodeIgniter\Boot::bootWeb(Object(Config\Paths))
